Microsoft Windows [Version 10.0.19042.1052]
(c) Microsoft Corporation. All rights reserved.

C:\Users\ryo>cd desctop\coachtech
指定されたパスが見つかりません。

C:\Users\ryo>cd desctop
指定されたパスが見つかりません。

C:\Users\ryo>cd Desctop
指定されたパスが見つかりません。

C:\Users\ryo>cd desktop

C:\Users\ryo\Desktop>cd ..

C:\Users\ryo>cd desktop\coachtech

C:\Users\ryo\Desktop\coachtech>dir
 ドライブ C のボリューム ラベルは OS です
 ボリューム シリアル番号は 64DA-3C0C です

 C:\Users\ryo\Desktop\coachtech のディレクトリ

2021/07/01  23:02    <DIR>          .
2021/07/01  23:02    <DIR>          ..
2021/07/01  23:01    <DIR>          bk
2021/07/01  23:02    <DIR>          coachtech
2021/07/01  23:00    <DIR>          __MACOSX
2021/07/01  23:01    <DIR>          ツール
2021/07/01  21:01             1,475 メモ①.txt
2021/07/01  23:01    <DIR>          資料
               1 個のファイル               1,475 バイト
               7 個のディレクトリ  140,419,096,576 バイトの空き領域

C:\Users\ryo\Desktop\coachtech>dir coachtech
 ドライブ C のボリューム ラベルは OS です
 ボリューム シリアル番号は 64DA-3C0C です

 C:\Users\ryo\Desktop\coachtech\coachtech のディレクトリ

2021/07/01  23:02    <DIR>          .
2021/07/01  23:02    <DIR>          ..
2021/07/01  23:00             6,148 .DS_Store
2021/07/01  23:00    <DIR>          img
2021/07/01  23:00               197 index.html
2021/07/01  23:00                22 style.css
               3 個のファイル               6,367 バイト
               3 個のディレクトリ  140,418,945,024 バイトの空き領域

C:\Users\ryo\Desktop\coachtech>cd coachtech

C:\Users\ryo\Desktop\coachtech\coachtech>git init
Initialized empty Git repository in C:/Users/ryo/Desktop/coachtech/coachtech/.git/

C:\Users\ryo\Desktop\coachtech\coachtech>git add -A
warning: LF will be replaced by CRLF in index.html.
The file will have its original line endings in your working directory
warning: LF will be replaced by CRLF in style.css.
The file will have its original line endings in your working directory

C:\Users\ryo\Desktop\coachtech\coachtech>git commit -m "first-commit"
[master (root-commit) 55dbbc3] first-commit
 5 files changed, 14 insertions(+)
 create mode 100644 .DS_Store
 create mode 100644 img/image01.jpg
 create mode 100644 img/image02.png
 create mode 100644 index.html
 create mode 100644 style.css

C:\Users\ryo\Desktop\coachtech\coachtech>git remote add origin https://github.com/Ryo-Takahashi-64/coachtech-basicterm.git

C:\Users\ryo\Desktop\coachtech\coachtech>git push -u origin master
Select an authentication method for 'https://github.com/':
  1. Web browser (default)
  2. Personal access token
option (enter for default):
info: please complete authentication in your browser...

C:\Users\ryo\Desktop\coachtech\coachtech>
C:\Users\ryo\Desktop\coachtech\coachtech>git push -u origin master
Select an authentication method for 'https://github.com/':
  1. Web browser (default)
  2. Personal access token
option (enter for default): 2
Enter GitHub personal access token for 'https://github.com/'...
Token:

C:\Users\ryo\Desktop\coachtech\coachtech>git push -u origin master
Select an authentication method for 'https://github.com/':
  1. Web browser (default)
  2. Personal access token
option (enter for default): 1
info: please complete authentication in your browser...
fatal: 繧ｿ繧ｹ繧ｯ縺悟叙繧頑ｶ医＆繧後∪縺励◆縲・Username for 'https://github.com':
Password for 'https://github.com':
remote: No anonymous write access.
fatal: Authentication failed for 'https://github.com/Ryo-Takahashi-64/coachtech-basicterm.git/'

C:\Users\ryo\Desktop\coachtech\coachtech>git push -u origin master
Select an authentication method for 'https://github.com/':
  1. Web browser (default)
  2. Personal access token
option (enter for default): 1
info: please complete authentication in your browser...
Enumerating objects: 8, done.
Counting objects: 100% (8/8), done.
Delta compression using up to 8 threads
Compressing objects: 100% (7/7), done.
Writing objects: 100% (8/8), 1.32 MiB | 4.00 MiB/s, done.
Total 8 (delta 0), reused 0 (delta 0), pack-reused 0
remote:
remote: Create a pull request for 'master' on GitHub by visiting:
remote:      https://github.com/Ryo-Takahashi-64/coachtech-basicterm/pull/new/master
remote:
To https://github.com/Ryo-Takahashi-64/coachtech-basicterm.git
 * [new branch]      master -> master
Branch 'master' set up to track remote branch 'master' from 'origin'.

C:\Users\ryo\Desktop\coachtech\coachtech> 